------------------------------------------------------------
Timing Analyzer Summary
------------------------------------------------------------

Type  : Slow 1100mV 85C Model Setup 'CLOCK_50'
Slack : 14.092
TNS   : 0.000

Type  : Slow 1100mV 85C Model Hold 'CLOCK_50'
Slack : 0.461
TNS   : 0.000

Type  : Slow 1100mV 85C Model Recovery 'CLOCK_50'
Slack : 15.969
TNS   : 0.000

Type  : Slow 1100mV 85C Model Removal 'CLOCK_50'
Slack : 1.941
TNS   : 0.000

Type  : Slow 1100mV 85C Model Minimum Pulse Width 'CLOCK_50'
Slack : 8.699
TNS   : 0.000

Type  : Slow 1100mV 0C Model Setup 'CLOCK_50'
Slack : 13.842
TNS   : 0.000

Type  : Slow 1100mV 0C Model Hold 'CLOCK_50'
Slack : 0.446
TNS   : 0.000

Type  : Slow 1100mV 0C Model Recovery 'CLOCK_50'
Slack : 15.918
TNS   : 0.000

Type  : Slow 1100mV 0C Model Removal 'CLOCK_50'
Slack : 1.895
TNS   : 0.000

Type  : Slow 1100mV 0C Model Minimum Pulse Width 'CLOCK_50'
Slack : 8.615
TNS   : 0.000

Type  : Fast 1100mV 85C Model Setup 'CLOCK_50'
Slack : 17.191
TNS   : 0.000

Type  : Fast 1100mV 85C Model Hold 'CLOCK_50'
Slack : 0.182
TNS   : 0.000

Type  : Fast 1100mV 85C Model Recovery 'CLOCK_50'
Slack : 18.241
TNS   : 0.000

Type  : Fast 1100mV 85C Model Removal 'CLOCK_50'
Slack : 0.915
TNS   : 0.000

Type  : Fast 1100mV 85C Model Minimum Pulse Width 'CLOCK_50'
Slack : 8.781
TNS   : 0.000

Type  : Fast 1100mV 0C Model Setup 'CLOCK_50'
Slack : 17.411
TNS   : 0.000

Type  : Fast 1100mV 0C Model Hold 'CLOCK_50'
Slack : 0.171
TNS   : 0.000

Type  : Fast 1100mV 0C Model Recovery 'CLOCK_50'
Slack : 18.368
TNS   : 0.000

Type  : Fast 1100mV 0C Model Removal 'CLOCK_50'
Slack : 0.836
TNS   : 0.000

Type  : Fast 1100mV 0C Model Minimum Pulse Width 'CLOCK_50'
Slack : 8.775
TNS   : 0.000

------------------------------------------------------------
